Microsoft (R) Macro Assembler Version 5.00                  2/3/26 23:22:53
                                                             Page     1-1


				; hello.asm - Simple ALP Program 
				.MODEL SMALL 
 0100				.STACK 100H 
 0000				.DATA 
 0000  48 45 4C 4C 4F 20 57	msg DB 'HELLO WORLD$' 
       4F 52 4C 44 24		
				 
 0000				.CODE 
 0000				MAIN PROC 
 0000  B8 ---- R		    MOV AX, @DATA   ; initialize data segment 
 0003  8E D8			    MOV DS, AX 
				 
 0005  8D 16 0000 R		    LEA DX, msg     ; load address of string 
 0009  B4 09			    MOV AH, 9       ; DOS function: print strin
				g 
 000B  CD 21			    INT 21H         ; call DOS interrupt 
				 
 000D  B4 4C			    MOV AH, 4CH     ; DOS function: exit progra
				m 
 000F  CD 21			    INT 21H 
 0011				MAIN ENDP 
 0011				END MAIN 
Microsoft (R) Macro Assembler Version 5.00                  2/3/26 23:22:53
                                                             Symbols-1


Segments and Groups:

                N a m e         	Length	 Align	Combine Class

DGROUP . . . . . . . . . . . . .  	GROUP
  _DATA  . . . . . . . . . . . .  	000C	WORD	PUBLIC	'DATA'
  STACK  . . . . . . . . . . . .  	0100	PARA	STACK	'STACK'
_TEXT  . . . . . . . . . . . . .  	0011	WORD	PUBLIC	'CODE'

Symbols:            

                N a m e         	Type	 Value	 Attr

MAIN . . . . . . . . . . . . . .  	N PROC	0000	_TEXT	Length = 0011
MSG  . . . . . . . . . . . . . .  	L BYTE	0000	_DATA

@CODE  . . . . . . . . . . . . .  	TEXT  _TEXT		
@CODESIZE  . . . . . . . . . . .  	TEXT  0		
@DATASIZE  . . . . . . . . . . .  	TEXT  0		
@FILENAME  . . . . . . . . . . .  	TEXT  hello		


     19 Source  Lines
     19 Total   Lines
     16 Symbols

  51166 + 465378 Bytes symbol space free

      0 Warning Errors
      0 Severe  Errors
